2026-04-09 13:00:00 | WARNING  | app.services.user_behavior_service:__init__:23 - Kafka连接失败，将跳过Kafka消息发送: NoBrokersAvailable
2026-04-09 13:00:03 | WARNING  | app.services.dish_feature_service:__init__:25 - Kafka连接失败，将跳过Kafka消息发送: NoBrokersAvailable
2026-04-09 13:00:05 | WARNING  | app.services.user_behavior_service:__init__:23 - Kafka连接失败，将跳过Kafka消息发送: NoBrokersAvailable
2026-04-09 13:00:35 | ERROR    | app.services.user_behavior_service:collect_behavior:56 - Failed to collect user behavior: localhost:27017: [WinError 10061] 由于目标计算机积极拒绝，无法连接。 (configured timeouts: socketTimeoutMS: 20000.0ms, connectTimeoutMS: 20000.0ms), Timeout: 30s, Topology Description: <TopologyDescription id: 69d7324ec0750d0486615953, topology_type: Unknown, servers: [<ServerDescription ('localhost', 27017) server_type: Unknown, rtt: None, error=AutoReconnect('localhost:27017: [WinError 10061] 由于目标计算机积极拒绝，无法连接。 (configured timeouts: socketTimeoutMS: 20000.0ms, connectTimeoutMS: 20000.0ms)')>]>
2026-04-09 13:00:39 | WARNING  | app.services.user_behavior_service:__init__:23 - Kafka连接失败，将跳过Kafka消息发送: NoBrokersAvailable
2026-04-09 13:01:10 | ERROR    | app.services.user_behavior_service:collect_behavior:56 - Failed to collect user behavior: localhost:27017: [WinError 10061] 由于目标计算机积极拒绝，无法连接。 (configured timeouts: socketTimeoutMS: 20000.0ms, connectTimeoutMS: 20000.0ms), Timeout: 30s, Topology Description: <TopologyDescription id: 69d7324ec0750d0486615953, topology_type: Unknown, servers: [<ServerDescription ('localhost', 27017) server_type: Unknown, rtt: None, error=AutoReconnect('localhost:27017: [WinError 10061] 由于目标计算机积极拒绝，无法连接。 (configured timeouts: socketTimeoutMS: 20000.0ms, connectTimeoutMS: 20000.0ms)')>]>
2026-04-09 13:01:10 | ERROR    | app.services.user_behavior_service:collect_batch_behaviors:67 - Failed to collect behavior for user test_user_123: localhost:27017: [WinError 10061] 由于目标计算机积极拒绝，无法连接。 (configured timeouts: socketTimeoutMS: 20000.0ms, connectTimeoutMS: 20000.0ms), Timeout: 30s, Topology Description: <TopologyDescription id: 69d7324ec0750d0486615953, topology_type: Unknown, servers: [<ServerDescription ('localhost', 27017) server_type: Unknown, rtt: None, error=AutoReconnect('localhost:27017: [WinError 10061] 由于目标计算机积极拒绝，无法连接。 (configured timeouts: socketTimeoutMS: 20000.0ms, connectTimeoutMS: 20000.0ms)')>]>
2026-04-09 13:01:40 | ERROR    | app.services.user_behavior_service:collect_behavior:56 - Failed to collect user behavior: localhost:27017: [WinError 10061] 由于目标计算机积极拒绝，无法连接。 (configured timeouts: socketTimeoutMS: 20000.0ms, connectTimeoutMS: 20000.0ms), Timeout: 30s, Topology Description: <TopologyDescription id: 69d7324ec0750d0486615953, topology_type: Unknown, servers: [<ServerDescription ('localhost', 27017) server_type: Unknown, rtt: None, error=AutoReconnect('localhost:27017: [WinError 10061] 由于目标计算机积极拒绝，无法连接。 (configured timeouts: socketTimeoutMS: 20000.0ms, connectTimeoutMS: 20000.0ms)')>]>
2026-04-09 13:01:40 | ERROR    | app.services.user_behavior_service:collect_batch_behaviors:67 - Failed to collect behavior for user test_user_123: localhost:27017: [WinError 10061] 由于目标计算机积极拒绝，无法连接。 (configured timeouts: socketTimeoutMS: 20000.0ms, connectTimeoutMS: 20000.0ms), Timeout: 30s, Topology Description: <TopologyDescription id: 69d7324ec0750d0486615953, topology_type: Unknown, servers: [<ServerDescription ('localhost', 27017) server_type: Unknown, rtt: None, error=AutoReconnect('localhost:27017: [WinError 10061] 由于目标计算机积极拒绝，无法连接。 (configured timeouts: socketTimeoutMS: 20000.0ms, connectTimeoutMS: 20000.0ms)')>]>
2026-04-09 13:01:42 | WARNING  | app.services.user_behavior_service:__init__:23 - Kafka连接失败，将跳过Kafka消息发送: NoBrokersAvailable
2026-04-09 13:02:12 | ERROR    | app.services.user_behavior_service:collect_behavior:56 - Failed to collect user behavior: localhost:27017: [WinError 10061] 由于目标计算机积极拒绝，无法连接。 (configured timeouts: socketTimeoutMS: 20000.0ms, connectTimeoutMS: 20000.0ms), Timeout: 30s, Topology Description: <TopologyDescription id: 69d7324ec0750d0486615953, topology_type: Unknown, servers: [<ServerDescription ('localhost', 27017) server_type: Unknown, rtt: None, error=AutoReconnect('localhost:27017: [WinError 10061] 由于目标计算机积极拒绝，无法连接。 (configured timeouts: socketTimeoutMS: 20000.0ms, connectTimeoutMS: 20000.0ms)')>]>
2026-04-09 13:02:14 | WARNING  | app.services.dish_feature_service:__init__:25 - Kafka连接失败，将跳过Kafka消息发送: NoBrokersAvailable
2026-04-09 13:02:44 | ERROR    | app.services.dish_feature_service:create_dish_feature:104 - Failed to create dish feature: localhost:27017: [WinError 10061] 由于目标计算机积极拒绝，无法连接。 (configured timeouts: socketTimeoutMS: 20000.0ms, connectTimeoutMS: 20000.0ms), Timeout: 30s, Topology Description: <TopologyDescription id: 69d7324ec0750d0486615953, topology_type: Unknown, servers: [<ServerDescription ('localhost', 27017) server_type: Unknown, rtt: None, error=AutoReconnect('localhost:27017: [WinError 10061] 由于目标计算机积极拒绝，无法连接。 (configured timeouts: socketTimeoutMS: 20000.0ms, connectTimeoutMS: 20000.0ms)')>]>
2026-04-09 13:02:46 | WARNING  | app.services.dish_feature_service:__init__:25 - Kafka连接失败，将跳过Kafka消息发送: NoBrokersAvailable
2026-04-09 13:03:17 | ERROR    | app.services.dish_feature_service:create_dish_feature:104 - Failed to create dish feature: localhost:27017: [WinError 10061] 由于目标计算机积极拒绝，无法连接。 (configured timeouts: socketTimeoutMS: 20000.0ms, connectTimeoutMS: 20000.0ms), Timeout: 30s, Topology Description: <TopologyDescription id: 69d7324ec0750d0486615953, topology_type: Unknown, servers: [<ServerDescription ('localhost', 27017) server_type: Unknown, rtt: None, error=AutoReconnect('localhost:27017: [WinError 10061] 由于目标计算机积极拒绝，无法连接。 (configured timeouts: socketTimeoutMS: 20000.0ms, connectTimeoutMS: 20000.0ms)')>]>
2026-04-09 13:03:17 | ERROR    | app.services.dish_feature_service:create_batch_features:115 - Failed to create feature for dish test_dish_123: localhost:27017: [WinError 10061] 由于目标计算机积极拒绝，无法连接。 (configured timeouts: socketTimeoutMS: 20000.0ms, connectTimeoutMS: 20000.0ms), Timeout: 30s, Topology Description: <TopologyDescription id: 69d7324ec0750d0486615953, topology_type: Unknown, servers: [<ServerDescription ('localhost', 27017) server_type: Unknown, rtt: None, error=AutoReconnect('localhost:27017: [WinError 10061] 由于目标计算机积极拒绝，无法连接。 (configured timeouts: socketTimeoutMS: 20000.0ms, connectTimeoutMS: 20000.0ms)')>]>
2026-04-09 13:03:47 | ERROR    | app.services.dish_feature_service:create_dish_feature:104 - Failed to create dish feature: localhost:27017: [WinError 10061] 由于目标计算机积极拒绝，无法连接。 (configured timeouts: socketTimeoutMS: 20000.0ms, connectTimeoutMS: 20000.0ms), Timeout: 30s, Topology Description: <TopologyDescription id: 69d7324ec0750d0486615953, topology_type: Unknown, servers: [<ServerDescription ('localhost', 27017) server_type: Unknown, rtt: None, error=AutoReconnect('localhost:27017: [WinError 10061] 由于目标计算机积极拒绝，无法连接。 (configured timeouts: socketTimeoutMS: 20000.0ms, connectTimeoutMS: 20000.0ms)')>]>
2026-04-09 13:03:47 | ERROR    | app.services.dish_feature_service:create_batch_features:115 - Failed to create feature for dish test_dish_456: localhost:27017: [WinError 10061] 由于目标计算机积极拒绝，无法连接。 (configured timeouts: socketTimeoutMS: 20000.0ms, connectTimeoutMS: 20000.0ms), Timeout: 30s, Topology Description: <TopologyDescription id: 69d7324ec0750d0486615953, topology_type: Unknown, servers: [<ServerDescription ('localhost', 27017) server_type: Unknown, rtt: None, error=AutoReconnect('localhost:27017: [WinError 10061] 由于目标计算机积极拒绝，无法连接。 (configured timeouts: socketTimeoutMS: 20000.0ms, connectTimeoutMS: 20000.0ms)')>]>
2026-04-09 13:03:49 | WARNING  | app.services.dish_feature_service:__init__:25 - Kafka连接失败，将跳过Kafka消息发送: NoBrokersAvailable
2026-04-09 13:04:19 | ERROR    | app.services.dish_feature_service:create_dish_feature:104 - Failed to create dish feature: localhost:27017: [WinError 10061] 由于目标计算机积极拒绝，无法连接。 (configured timeouts: socketTimeoutMS: 20000.0ms, connectTimeoutMS: 20000.0ms), Timeout: 30s, Topology Description: <TopologyDescription id: 69d7324ec0750d0486615953, topology_type: Unknown, servers: [<ServerDescription ('localhost', 27017) server_type: Unknown, rtt: None, error=AutoReconnect('localhost:27017: [WinError 10061] 由于目标计算机积极拒绝，无法连接。 (configured timeouts: socketTimeoutMS: 20000.0ms, connectTimeoutMS: 20000.0ms)')>]>
2026-04-09 13:04:22 | WARNING  | app.services.dish_feature_service:__init__:25 - Kafka连接失败，将跳过Kafka消息发送: NoBrokersAvailable
2026-04-09 13:04:22 | ERROR    | app.services.data_cleaning_service:clean_user_behavior_data:43 - Failed to clean user behavior data: 'merchant_id'
2026-04-09 13:04:22 | ERROR    | app.services.data_cleaning_service:clean_dish_feature_data:78 - Failed to clean dish feature data: 'description'
2026-04-09 13:04:26 | WARNING  | app.services.data_quality_service:_update_quality_metrics_in_redis:239 - Failed to update Redis quality metrics: Error 10061 connecting to localhost:6379. 由于目标计算机积极拒绝，无法连接。.
2026-04-09 13:04:26 | INFO     | app.services.data_quality_service:calculate_data_quality_metrics:60 - Calculated data quality metrics for user_behavior: {'data_type': 'user_behavior', 'record_count': 3, 'timestamp': '2026-04-09T05:04:22.082482', 'completeness': 1.0, 'accuracy': 1.0, 'consistency': 1.0, 'timeliness': 0.9999999902584876, 'duplicate_count': 0, 'error_count': 0, 'field_statistics': {'user_id': {'non_null_count': 3, 'null_count': 0, 'unique_count': 3, 'non_empty_count': 2}, 'behavior_type': {'non_null_count': 3, 'null_count': 0, 'unique_count': 3, 'non_empty_count': 3}, 'dish_id': {'non_null_count': 3, 'null_count': 0, 'unique_count': 3, 'non_empty_count': 3}, 'timestamp': {'non_null_count': 3, 'null_count': 0, 'unique_count': 1}, 'age_hours': {'non_null_count': 3, 'null_count': 0, 'unique_count': 1, 'mean': 7.013888888888889e-07, 'min': 7.013888888888889e-07, 'max': 7.013888888888889e-07, 'std': 0.0}, 'timeliness_score': {'non_null_count': 3, 'null_count': 0, 'unique_count': 1, 'mean': 0.9999999902584876, 'min': 0.9999999902584876, 'max': 0.9999999902584876, 'std': 0.0}}}
2026-04-09 13:04:30 | WARNING  | app.services.data_quality_service:_update_quality_metrics_in_redis:239 - Failed to update Redis quality metrics: Error 10061 connecting to localhost:6379. 由于目标计算机积极拒绝，无法连接。.
2026-04-09 13:04:30 | INFO     | app.services.data_quality_service:calculate_data_quality_metrics:60 - Calculated data quality metrics for dish_feature: {'data_type': 'dish_feature', 'record_count': 3, 'timestamp': '2026-04-09T05:04:26.175404', 'completeness': 1.0, 'accuracy': 0.4444444444444444, 'consistency': 0.6666666666666666, 'timeliness': 1.0, 'duplicate_count': 0, 'error_count': 2, 'field_statistics': {'dish_id': {'non_null_count': 3, 'null_count': 0, 'unique_count': 3, 'non_empty_count': 3}, 'merchant_id': {'non_null_count': 3, 'null_count': 0, 'unique_count': 3, 'non_empty_count': 3}, 'name': {'non_null_count': 3, 'null_count': 0, 'unique_count': 3, 'non_empty_count': 3}, 'price': {'non_null_count': 3, 'null_count': 0, 'unique_count': 3, 'mean': 28.833333333333332, 'min': -10.0, 'max': 68.0, 'std': 39.00106836143509}, 'category': {'non_null_count': 3, 'null_count': 0, 'unique_count': 2, 'non_empty_count': 2}, 'sales_volume': {'non_null_count': 1, 'null_count': 2, 'unique_count': 1, 'mean': 100.0, 'min': 100.0, 'max': 100.0, 'std': nan}, 'rating': {'non_null_count': 2, 'null_count': 1, 'unique_count': 2, 'mean': 5.25, 'min': 4.5, 'max': 6.0, 'std': 1.0606601717798212}}}
2026-04-09 13:07:06 | WARNING  | app.core.database:<module>:22 - Redis connection failed: Error 10061 connecting to localhost:6379. 由于目标计算机积极拒绝，无法连接。.
2026-04-09 13:07:11 | WARNING  | app.core.database:<module>:33 - MongoDB connection failed: localhost:27017: [WinError 10061] 由于目标计算机积极拒绝，无法连接。 (configured timeouts: socketTimeoutMS: 20000.0ms, connectTimeoutMS: 20000.0ms), Timeout: 5.0s, Topology Description: <TopologyDescription id: 69d733fa17e8c912b678ef1b, topology_type: Unknown, servers: [<ServerDescription ('localhost', 27017) server_type: Unknown, rtt: None, error=AutoReconnect('localhost:27017: [WinError 10061] 由于目标计算机积极拒绝，无法连接。 (configured timeouts: socketTimeoutMS: 20000.0ms, connectTimeoutMS: 20000.0ms)')>]>
2026-04-09 13:07:13 | WARNING  | app.services.user_behavior_service:__init__:23 - Kafka连接失败，将跳过Kafka消息发送: NoBrokersAvailable
2026-04-09 13:07:16 | WARNING  | app.services.dish_feature_service:__init__:25 - Kafka连接失败，将跳过Kafka消息发送: NoBrokersAvailable
2026-04-09 13:07:18 | WARNING  | app.services.user_behavior_service:__init__:23 - Kafka连接失败，将跳过Kafka消息发送: NoBrokersAvailable
2026-04-09 13:07:18 | INFO     | app.services.user_behavior_service:collect_behavior:54 - Collected user behavior: 4ee95cc0-5c2e-4417-b14f-ce821168593c
2026-04-09 13:07:20 | WARNING  | app.services.user_behavior_service:__init__:23 - Kafka连接失败，将跳过Kafka消息发送: NoBrokersAvailable
2026-04-09 13:07:20 | INFO     | app.services.user_behavior_service:collect_behavior:54 - Collected user behavior: e526db4b-57de-4f9b-8f51-3483c3c0858b
2026-04-09 13:07:20 | INFO     | app.services.user_behavior_service:collect_behavior:54 - Collected user behavior: 6a9a149c-8f44-413a-bf4e-a74b6908d75f
2026-04-09 13:07:22 | WARNING  | app.services.user_behavior_service:__init__:23 - Kafka连接失败，将跳过Kafka消息发送: NoBrokersAvailable
2026-04-09 13:07:22 | INFO     | app.services.user_behavior_service:collect_behavior:54 - Collected user behavior: 5faa18f8-8251-4c97-9640-91bb93f6b2fc
2026-04-09 13:07:22 | WARNING  | app.services.user_behavior_service:get_user_behaviors:99 - MongoDB not available, returning empty behavior list
2026-04-09 13:07:26 | WARNING  | app.services.dish_feature_service:__init__:25 - Kafka连接失败，将跳过Kafka消息发送: NoBrokersAvailable
2026-04-09 13:07:26 | INFO     | app.services.dish_feature_service:create_dish_feature:102 - Created dish feature: 4ae5ff94-497f-4325-b405-45cc9d1c1989
2026-04-09 13:07:28 | WARNING  | app.services.dish_feature_service:__init__:25 - Kafka连接失败，将跳过Kafka消息发送: NoBrokersAvailable
2026-04-09 13:07:28 | INFO     | app.services.dish_feature_service:create_dish_feature:102 - Created dish feature: 13bc35ba-b122-42c0-87ec-4ed65fe655b3
2026-04-09 13:07:28 | INFO     | app.services.dish_feature_service:create_dish_feature:102 - Created dish feature: 40546638-5761-41f6-8779-4e3fdabe298f
2026-04-09 13:07:30 | WARNING  | app.services.dish_feature_service:__init__:25 - Kafka连接失败，将跳过Kafka消息发送: NoBrokersAvailable
2026-04-09 13:07:30 | INFO     | app.services.dish_feature_service:create_dish_feature:102 - Created dish feature: 4bef0e17-8f46-470a-bb5f-e9ad373ce691
2026-04-09 13:07:30 | WARNING  | app.services.dish_feature_service:get_dish_feature:159 - MongoDB not available, cannot get dish feature
2026-04-09 13:07:30 | ERROR    | app.services.dish_feature_service:get_dish_feature:168 - Failed to get dish feature: MongoDB not available: test_dish_789
2026-04-09 13:07:32 | WARNING  | app.services.dish_feature_service:__init__:25 - Kafka连接失败，将跳过Kafka消息发送: NoBrokersAvailable
2026-04-09 13:07:32 | ERROR    | app.services.data_cleaning_service:clean_user_behavior_data:43 - Failed to clean user behavior data: 'merchant_id'
2026-04-09 13:07:32 | ERROR    | app.services.data_cleaning_service:clean_dish_feature_data:78 - Failed to clean dish feature data: 'description'
2026-04-09 13:07:32 | WARNING  | app.services.data_quality_service:_update_quality_metrics_in_redis:239 - Failed to update Redis quality metrics: 'NoneType' object has no attribute 'hset'
2026-04-09 13:07:32 | INFO     | app.services.data_quality_service:calculate_data_quality_metrics:60 - Calculated data quality metrics for user_behavior: {'data_type': 'user_behavior', 'record_count': 3, 'timestamp': '2026-04-09T05:07:32.490493', 'completeness': 1.0, 'accuracy': 1.0, 'consistency': 1.0, 'timeliness': 0.9999999894830247, 'duplicate_count': 0, 'error_count': 0, 'field_statistics': {'user_id': {'non_null_count': 3, 'null_count': 0, 'unique_count': 3, 'non_empty_count': 2}, 'behavior_type': {'non_null_count': 3, 'null_count': 0, 'unique_count': 3, 'non_empty_count': 3}, 'dish_id': {'non_null_count': 3, 'null_count': 0, 'unique_count': 3, 'non_empty_count': 3}, 'timestamp': {'non_null_count': 3, 'null_count': 0, 'unique_count': 1}, 'age_hours': {'non_null_count': 3, 'null_count': 0, 'unique_count': 1, 'mean': 7.572222222222222e-07, 'min': 7.572222222222222e-07, 'max': 7.572222222222222e-07, 'std': 0.0}, 'timeliness_score': {'non_null_count': 3, 'null_count': 0, 'unique_count': 1, 'mean': 0.9999999894830247, 'min': 0.9999999894830247, 'max': 0.9999999894830247, 'std': 0.0}}}
2026-04-09 13:07:32 | WARNING  | app.services.data_quality_service:_update_quality_metrics_in_redis:239 - Failed to update Redis quality metrics: 'NoneType' object has no attribute 'hset'
2026-04-09 13:07:32 | INFO     | app.services.data_quality_service:calculate_data_quality_metrics:60 - Calculated data quality metrics for dish_feature: {'data_type': 'dish_feature', 'record_count': 3, 'timestamp': '2026-04-09T05:07:32.519289', 'completeness': 1.0, 'accuracy': 0.4444444444444444, 'consistency': 0.6666666666666666, 'timeliness': 1.0, 'duplicate_count': 0, 'error_count': 2, 'field_statistics': {'dish_id': {'non_null_count': 3, 'null_count': 0, 'unique_count': 3, 'non_empty_count': 3}, 'merchant_id': {'non_null_count': 3, 'null_count': 0, 'unique_count': 3, 'non_empty_count': 3}, 'name': {'non_null_count': 3, 'null_count': 0, 'unique_count': 3, 'non_empty_count': 3}, 'price': {'non_null_count': 3, 'null_count': 0, 'unique_count': 3, 'mean': 28.833333333333332, 'min': -10.0, 'max': 68.0, 'std': 39.00106836143509}, 'category': {'non_null_count': 3, 'null_count': 0, 'unique_count': 2, 'non_empty_count': 2}, 'sales_volume': {'non_null_count': 1, 'null_count': 2, 'unique_count': 1, 'mean': 100.0, 'min': 100.0, 'max': 100.0, 'std': nan}, 'rating': {'non_null_count': 2, 'null_count': 1, 'unique_count': 2, 'mean': 5.25, 'min': 4.5, 'max': 6.0, 'std': 1.0606601717798212}}}
2026-04-09 13:08:38 | WARNING  | app.core.database:<module>:22 - Redis connection failed: Error 10061 connecting to localhost:6379. 由于目标计算机积极拒绝，无法连接。.
2026-04-09 13:08:44 | WARNING  | app.core.database:<module>:33 - MongoDB connection failed: localhost:27017: [WinError 10061] 由于目标计算机积极拒绝，无法连接。 (configured timeouts: socketTimeoutMS: 20000.0ms, connectTimeoutMS: 20000.0ms), Timeout: 5.0s, Topology Description: <TopologyDescription id: 69d73456ecaebdd1c3fa26cf, topology_type: Unknown, servers: [<ServerDescription ('localhost', 27017) server_type: Unknown, rtt: None, error=AutoReconnect('localhost:27017: [WinError 10061] 由于目标计算机积极拒绝，无法连接。 (configured timeouts: socketTimeoutMS: 20000.0ms, connectTimeoutMS: 20000.0ms)')>]>
2026-04-09 13:08:46 | WARNING  | app.services.user_behavior_service:__init__:23 - Kafka连接失败，将跳过Kafka消息发送: NoBrokersAvailable
2026-04-09 13:08:49 | WARNING  | app.services.dish_feature_service:__init__:25 - Kafka连接失败，将跳过Kafka消息发送: NoBrokersAvailable
2026-04-09 13:08:51 | WARNING  | app.services.user_behavior_service:__init__:23 - Kafka连接失败，将跳过Kafka消息发送: NoBrokersAvailable
2026-04-09 13:08:51 | INFO     | app.services.user_behavior_service:collect_behavior:54 - Collected user behavior: 8f1408b1-410d-4458-b7da-15758bae307e
2026-04-09 13:08:53 | WARNING  | app.services.user_behavior_service:__init__:23 - Kafka连接失败，将跳过Kafka消息发送: NoBrokersAvailable
2026-04-09 13:08:53 | INFO     | app.services.user_behavior_service:collect_behavior:54 - Collected user behavior: 682914d8-a508-4e95-a7a6-43b3862a1317
2026-04-09 13:08:53 | INFO     | app.services.user_behavior_service:collect_behavior:54 - Collected user behavior: 768f8561-385c-4b4d-85a5-411b85df094f
2026-04-09 13:08:55 | WARNING  | app.services.user_behavior_service:__init__:23 - Kafka连接失败，将跳过Kafka消息发送: NoBrokersAvailable
2026-04-09 13:08:55 | INFO     | app.services.user_behavior_service:collect_behavior:54 - Collected user behavior: fcf8c969-1d27-490a-8c2b-bd6a37e5f5b6
2026-04-09 13:08:55 | WARNING  | app.services.user_behavior_service:get_user_behaviors:99 - MongoDB not available, returning empty behavior list
2026-04-09 13:08:59 | WARNING  | app.services.dish_feature_service:__init__:25 - Kafka连接失败，将跳过Kafka消息发送: NoBrokersAvailable
2026-04-09 13:08:59 | INFO     | app.services.dish_feature_service:create_dish_feature:102 - Created dish feature: b8b8ecae-a23a-4b20-a987-8575a8109a60
2026-04-09 13:09:01 | WARNING  | app.services.dish_feature_service:__init__:25 - Kafka连接失败，将跳过Kafka消息发送: NoBrokersAvailable
2026-04-09 13:09:01 | INFO     | app.services.dish_feature_service:create_dish_feature:102 - Created dish feature: ff017e08-9ab7-494b-b6ef-fe00587a2c12
2026-04-09 13:09:01 | INFO     | app.services.dish_feature_service:create_dish_feature:102 - Created dish feature: 5b9a8788-7756-44fd-b8d2-1513608024bc
2026-04-09 13:09:03 | WARNING  | app.services.dish_feature_service:__init__:25 - Kafka连接失败，将跳过Kafka消息发送: NoBrokersAvailable
2026-04-09 13:09:03 | INFO     | app.services.dish_feature_service:create_dish_feature:102 - Created dish feature: 3d488aa2-4b92-4564-b581-0d016c7003e3
2026-04-09 13:09:03 | WARNING  | app.services.dish_feature_service:get_dish_feature:159 - MongoDB not available, cannot get dish feature
2026-04-09 13:09:03 | ERROR    | app.services.dish_feature_service:get_dish_feature:168 - Failed to get dish feature: MongoDB not available: test_dish_789
2026-04-09 13:09:05 | WARNING  | app.services.dish_feature_service:__init__:25 - Kafka连接失败，将跳过Kafka消息发送: NoBrokersAvailable
2026-04-09 13:09:05 | ERROR    | app.services.data_cleaning_service:clean_user_behavior_data:43 - Failed to clean user behavior data: 'merchant_id'
2026-04-09 13:09:05 | ERROR    | app.services.data_cleaning_service:clean_dish_feature_data:78 - Failed to clean dish feature data: 'description'
2026-04-09 13:09:05 | WARNING  | app.services.data_quality_service:_update_quality_metrics_in_redis:240 - Failed to update Redis quality metrics: 'NoneType' object has no attribute 'hset'
2026-04-09 13:09:05 | INFO     | app.services.data_quality_service:calculate_data_quality_metrics:60 - Calculated data quality metrics for user_behavior: {'data_type': 'user_behavior', 'record_count': 3, 'timestamp': '2026-04-09T05:09:05.215718', 'completeness': 0.8888888888888888, 'accuracy': 1.0, 'consistency': 1.0, 'timeliness': 0.9999999883487655, 'duplicate_count': 0, 'error_count': 0, 'field_statistics': {'user_id': {'non_null_count': 3, 'null_count': 0, 'unique_count': 3, 'non_empty_count': 2}, 'behavior_type': {'non_null_count': 3, 'null_count': 0, 'unique_count': 3, 'non_empty_count': 3}, 'dish_id': {'non_null_count': 3, 'null_count': 0, 'unique_count': 3, 'non_empty_count': 3}, 'timestamp': {'non_null_count': 3, 'null_count': 0, 'unique_count': 1}, 'age_hours': {'non_null_count': 3, 'null_count': 0, 'unique_count': 1, 'mean': 8.388888888888888e-07, 'min': 8.388888888888889e-07, 'max': 8.388888888888889e-07, 'std': 1.2967490725617583e-22}, 'timeliness_score': {'non_null_count': 3, 'null_count': 0, 'unique_count': 1, 'mean': 0.9999999883487655, 'min': 0.9999999883487655, 'max': 0.9999999883487655, 'std': 0.0}}}
2026-04-09 13:09:05 | WARNING  | app.services.data_quality_service:_update_quality_metrics_in_redis:240 - Failed to update Redis quality metrics: 'NoneType' object has no attribute 'hset'
2026-04-09 13:09:05 | INFO     | app.services.data_quality_service:calculate_data_quality_metrics:60 - Calculated data quality metrics for dish_feature: {'data_type': 'dish_feature', 'record_count': 3, 'timestamp': '2026-04-09T05:09:05.236084', 'completeness': 0.9333333333333333, 'accuracy': 0.4444444444444444, 'consistency': 0.6666666666666666, 'timeliness': 1.0, 'duplicate_count': 0, 'error_count': 2, 'field_statistics': {'dish_id': {'non_null_count': 3, 'null_count': 0, 'unique_count': 3, 'non_empty_count': 3}, 'merchant_id': {'non_null_count': 3, 'null_count': 0, 'unique_count': 3, 'non_empty_count': 3}, 'name': {'non_null_count': 3, 'null_count': 0, 'unique_count': 3, 'non_empty_count': 3}, 'price': {'non_null_count': 3, 'null_count': 0, 'unique_count': 3, 'mean': 28.833333333333332, 'min': -10.0, 'max': 68.0, 'std': 39.00106836143509}, 'category': {'non_null_count': 3, 'null_count': 0, 'unique_count': 2, 'non_empty_count': 2}, 'sales_volume': {'non_null_count': 1, 'null_count': 2, 'unique_count': 1, 'mean': 100.0, 'min': 100.0, 'max': 100.0, 'std': nan}, 'rating': {'non_null_count': 2, 'null_count': 1, 'unique_count': 2, 'mean': 5.25, 'min': 4.5, 'max': 6.0, 'std': 1.0606601717798212}}}
2026-04-09 13:10:09 | WARNING  | app.core.database:<module>:22 - Redis connection failed: Error 10061 connecting to localhost:6379. 由于目标计算机积极拒绝，无法连接。.
2026-04-09 13:10:14 | WARNING  | app.core.database:<module>:33 - MongoDB connection failed: localhost:27017: [WinError 10061] 由于目标计算机积极拒绝，无法连接。 (configured timeouts: socketTimeoutMS: 20000.0ms, connectTimeoutMS: 20000.0ms), Timeout: 5.0s, Topology Description: <TopologyDescription id: 69d734b11050c1f4d07e61c9, topology_type: Unknown, servers: [<ServerDescription ('localhost', 27017) server_type: Unknown, rtt: None, error=AutoReconnect('localhost:27017: [WinError 10061] 由于目标计算机积极拒绝，无法连接。 (configured timeouts: socketTimeoutMS: 20000.0ms, connectTimeoutMS: 20000.0ms)')>]>
2026-04-09 13:10:16 | WARNING  | app.services.user_behavior_service:__init__:23 - Kafka连接失败，将跳过Kafka消息发送: NoBrokersAvailable
2026-04-09 13:10:19 | WARNING  | app.services.dish_feature_service:__init__:25 - Kafka连接失败，将跳过Kafka消息发送: NoBrokersAvailable
2026-04-09 13:10:21 | WARNING  | app.services.user_behavior_service:__init__:23 - Kafka连接失败，将跳过Kafka消息发送: NoBrokersAvailable
2026-04-09 13:10:21 | INFO     | app.services.user_behavior_service:collect_behavior:54 - Collected user behavior: cd239d80-9792-49cf-8b8d-624f0e07592c
2026-04-09 13:10:23 | WARNING  | app.services.user_behavior_service:__init__:23 - Kafka连接失败，将跳过Kafka消息发送: NoBrokersAvailable
2026-04-09 13:10:23 | INFO     | app.services.user_behavior_service:collect_behavior:54 - Collected user behavior: 3ba1a3fa-2330-4f98-b82e-a697a3089e4b
2026-04-09 13:10:23 | INFO     | app.services.user_behavior_service:collect_behavior:54 - Collected user behavior: 990bcdab-9af4-4cd7-bf80-3ac355a43d06
2026-04-09 13:10:25 | WARNING  | app.services.user_behavior_service:__init__:23 - Kafka连接失败，将跳过Kafka消息发送: NoBrokersAvailable
2026-04-09 13:10:25 | INFO     | app.services.user_behavior_service:collect_behavior:54 - Collected user behavior: fd7cb91e-96fc-4408-b43f-fb7bc131c946
2026-04-09 13:10:25 | WARNING  | app.services.user_behavior_service:get_user_behaviors:99 - MongoDB not available, returning empty behavior list
2026-04-09 13:10:29 | WARNING  | app.services.dish_feature_service:__init__:25 - Kafka连接失败，将跳过Kafka消息发送: NoBrokersAvailable
2026-04-09 13:10:29 | INFO     | app.services.dish_feature_service:create_dish_feature:102 - Created dish feature: dd2e1687-70b5-464e-9e90-a49c99a50b34
2026-04-09 13:10:31 | WARNING  | app.services.dish_feature_service:__init__:25 - Kafka连接失败，将跳过Kafka消息发送: NoBrokersAvailable
2026-04-09 13:10:31 | INFO     | app.services.dish_feature_service:create_dish_feature:102 - Created dish feature: bb059973-2c96-46a2-9496-7e22d26be825
2026-04-09 13:10:31 | INFO     | app.services.dish_feature_service:create_dish_feature:102 - Created dish feature: 49e77a3c-712e-480c-9d5f-195d453a8da2
2026-04-09 13:10:33 | WARNING  | app.services.dish_feature_service:__init__:25 - Kafka连接失败，将跳过Kafka消息发送: NoBrokersAvailable
2026-04-09 13:10:33 | INFO     | app.services.dish_feature_service:create_dish_feature:102 - Created dish feature: 4e118de1-55cd-4e2a-882b-975140c3996c
2026-04-09 13:10:33 | WARNING  | app.services.dish_feature_service:get_dish_feature:159 - MongoDB not available, cannot get dish feature
2026-04-09 13:10:33 | ERROR    | app.services.dish_feature_service:get_dish_feature:168 - Failed to get dish feature: MongoDB not available: test_dish_789
2026-04-09 13:10:35 | WARNING  | app.services.dish_feature_service:__init__:25 - Kafka连接失败，将跳过Kafka消息发送: NoBrokersAvailable
2026-04-09 13:10:35 | ERROR    | app.services.data_cleaning_service:clean_user_behavior_data:43 - Failed to clean user behavior data: 'merchant_id'
2026-04-09 13:10:35 | ERROR    | app.services.data_cleaning_service:clean_dish_feature_data:78 - Failed to clean dish feature data: 'description'
2026-04-09 13:10:35 | WARNING  | app.services.data_quality_service:_update_quality_metrics_in_redis:245 - Failed to update Redis quality metrics: 'NoneType' object has no attribute 'hset'
2026-04-09 13:10:35 | INFO     | app.services.data_quality_service:calculate_data_quality_metrics:60 - Calculated data quality metrics for user_behavior: {'data_type': 'user_behavior', 'record_count': 3, 'timestamp': '2026-04-09T05:10:35.537543', 'completeness': 0.6666666666666666, 'accuracy': 1.0, 'consistency': 1.0, 'timeliness': 0.9999999898418211, 'duplicate_count': 0, 'error_count': 0, 'field_statistics': {'user_id': {'non_null_count': 3, 'null_count': 0, 'unique_count': 3, 'non_empty_count': 2}, 'behavior_type': {'non_null_count': 3, 'null_count': 0, 'unique_count': 3, 'non_empty_count': 3}, 'dish_id': {'non_null_count': 3, 'null_count': 0, 'unique_count': 3, 'non_empty_count': 3}, 'timestamp': {'non_null_count': 3, 'null_count': 0, 'unique_count': 1}, 'age_hours': {'non_null_count': 3, 'null_count': 0, 'unique_count': 1, 'mean': 7.313888888888889e-07, 'min': 7.313888888888889e-07, 'max': 7.313888888888889e-07, 'std': 0.0}, 'timeliness_score': {'non_null_count': 3, 'null_count': 0, 'unique_count': 1, 'mean': 0.9999999898418211, 'min': 0.999999989841821, 'max': 0.999999989841821, 'std': 1.3597399555105182e-16}}}
2026-04-09 13:10:35 | WARNING  | app.services.data_quality_service:_update_quality_metrics_in_redis:245 - Failed to update Redis quality metrics: 'NoneType' object has no attribute 'hset'
2026-04-09 13:10:35 | INFO     | app.services.data_quality_service:calculate_data_quality_metrics:60 - Calculated data quality metrics for dish_feature: {'data_type': 'dish_feature', 'record_count': 3, 'timestamp': '2026-04-09T05:10:35.574564', 'completeness': 0.6666666666666666, 'accuracy': 0.4444444444444444, 'consistency': 0.6666666666666666, 'timeliness': 1.0, 'duplicate_count': 0, 'error_count': 2, 'field_statistics': {'dish_id': {'non_null_count': 3, 'null_count': 0, 'unique_count': 3, 'non_empty_count': 3}, 'merchant_id': {'non_null_count': 3, 'null_count': 0, 'unique_count': 3, 'non_empty_count': 3}, 'name': {'non_null_count': 3, 'null_count': 0, 'unique_count': 3, 'non_empty_count': 3}, 'price': {'non_null_count': 3, 'null_count': 0, 'unique_count': 3, 'mean': 28.833333333333332, 'min': -10.0, 'max': 68.0, 'std': 39.00106836143509}, 'category': {'non_null_count': 3, 'null_count': 0, 'unique_count': 2, 'non_empty_count': 2}, 'sales_volume': {'non_null_count': 1, 'null_count': 2, 'unique_count': 1, 'mean': 100.0, 'min': 100.0, 'max': 100.0, 'std': nan}, 'rating': {'non_null_count': 2, 'null_count': 1, 'unique_count': 2, 'mean': 5.25, 'min': 4.5, 'max': 6.0, 'std': 1.0606601717798212}}}
2026-04-09 13:12:13 | WARNING  | app.core.database:<module>:22 - Redis connection failed: Error 10061 connecting to localhost:6379. 由于目标计算机积极拒绝，无法连接。.
2026-04-09 13:12:19 | WARNING  | app.core.database:<module>:33 - MongoDB connection failed: localhost:27017: [WinError 10061] 由于目标计算机积极拒绝，无法连接。 (configured timeouts: socketTimeoutMS: 20000.0ms, connectTimeoutMS: 20000.0ms), Timeout: 5.0s, Topology Description: <TopologyDescription id: 69d7352dafa5a30642131151, topology_type: Unknown, servers: [<ServerDescription ('localhost', 27017) server_type: Unknown, rtt: None, error=AutoReconnect('localhost:27017: [WinError 10061] 由于目标计算机积极拒绝，无法连接。 (configured timeouts: socketTimeoutMS: 20000.0ms, connectTimeoutMS: 20000.0ms)')>]>
2026-04-09 13:12:19 | WARNING  | app.services.data_quality_service:_update_quality_metrics_in_redis:245 - Failed to update Redis quality metrics: 'NoneType' object has no attribute 'hset'
2026-04-09 13:12:19 | INFO     | app.services.data_quality_service:calculate_data_quality_metrics:60 - Calculated data quality metrics for user_behavior: {'data_type': 'user_behavior', 'record_count': 3, 'timestamp': '2026-04-09T05:12:19.197148', 'completeness': 0.6666666666666666, 'accuracy': 1.0, 'consistency': 1.0, 'timeliness': 0.9999999961033951, 'duplicate_count': 0, 'error_count': 0, 'field_statistics': {'user_id': {'non_null_count': 3, 'null_count': 0, 'unique_count': 3, 'non_empty_count': 2}, 'behavior_type': {'non_null_count': 3, 'null_count': 0, 'unique_count': 3, 'non_empty_count': 3}, 'dish_id': {'non_null_count': 3, 'null_count': 0, 'unique_count': 3, 'non_empty_count': 3}, 'timestamp': {'non_null_count': 3, 'null_count': 0, 'unique_count': 1}, 'age_hours': {'non_null_count': 3, 'null_count': 0, 'unique_count': 1, 'mean': 2.8055555555555556e-07, 'min': 2.8055555555555556e-07, 'max': 2.8055555555555556e-07, 'std': 0.0}, 'timeliness_score': {'non_null_count': 3, 'null_count': 0, 'unique_count': 1, 'mean': 0.9999999961033951, 'min': 0.9999999961033951, 'max': 0.9999999961033951, 'std': 0.0}}}
2026-04-09 13:12:47 | WARNING  | app.core.database:<module>:22 - Redis connection failed: Error 10061 connecting to localhost:6379. 由于目标计算机积极拒绝，无法连接。.
2026-04-09 13:12:52 | WARNING  | app.core.database:<module>:33 - MongoDB connection failed: localhost:27017: [WinError 10061] 由于目标计算机积极拒绝，无法连接。 (configured timeouts: socketTimeoutMS: 20000.0ms, connectTimeoutMS: 20000.0ms), Timeout: 5.0s, Topology Description: <TopologyDescription id: 69d7354ff54205c4b9c9d381, topology_type: Unknown, servers: [<ServerDescription ('localhost', 27017) server_type: Unknown, rtt: None, error=AutoReconnect('localhost:27017: [WinError 10061] 由于目标计算机积极拒绝，无法连接。 (configured timeouts: socketTimeoutMS: 20000.0ms, connectTimeoutMS: 20000.0ms)')>]>
2026-04-09 13:12:52 | WARNING  | app.services.data_quality_service:_update_quality_metrics_in_redis:249 - Failed to update Redis quality metrics: 'NoneType' object has no attribute 'hset'
2026-04-09 13:12:52 | INFO     | app.services.data_quality_service:calculate_data_quality_metrics:60 - Calculated data quality metrics for user_behavior: {'data_type': 'user_behavior', 'record_count': 3, 'timestamp': '2026-04-09T05:12:52.762362', 'completeness': 0.6666666666666666, 'accuracy': 1.0, 'consistency': 1.0, 'timeliness': 0.9999999933294753, 'duplicate_count': 0, 'error_count': 1, 'field_statistics': {'user_id': {'non_null_count': 3, 'null_count': 0, 'unique_count': 3, 'non_empty_count': 2}, 'behavior_type': {'non_null_count': 3, 'null_count': 0, 'unique_count': 3, 'non_empty_count': 3}, 'dish_id': {'non_null_count': 3, 'null_count': 0, 'unique_count': 3, 'non_empty_count': 3}, 'timestamp': {'non_null_count': 3, 'null_count': 0, 'unique_count': 1}, 'age_hours': {'non_null_count': 3, 'null_count': 0, 'unique_count': 1, 'mean': 4.802777777777778e-07, 'min': 4.802777777777778e-07, 'max': 4.802777777777778e-07, 'std': 0.0}, 'timeliness_score': {'non_null_count': 3, 'null_count': 0, 'unique_count': 1, 'mean': 0.9999999933294753, 'min': 0.9999999933294753, 'max': 0.9999999933294753, 'std': 0.0}}}
2026-04-09 13:13:15 | WARNING  | app.core.database:<module>:22 - Redis connection failed: Error 10061 connecting to localhost:6379. 由于目标计算机积极拒绝，无法连接。.
2026-04-09 13:13:20 | WARNING  | app.core.database:<module>:33 - MongoDB connection failed: localhost:27017: [WinError 10061] 由于目标计算机积极拒绝，无法连接。 (configured timeouts: socketTimeoutMS: 20000.0ms, connectTimeoutMS: 20000.0ms), Timeout: 5.0s, Topology Description: <TopologyDescription id: 69d7356b75faf73875fd29fd, topology_type: Unknown, servers: [<ServerDescription ('localhost', 27017) server_type: Unknown, rtt: None, error=AutoReconnect('localhost:27017: [WinError 10061] 由于目标计算机积极拒绝，无法连接。 (configured timeouts: socketTimeoutMS: 20000.0ms, connectTimeoutMS: 20000.0ms)')>]>
2026-04-09 13:13:23 | WARNING  | app.services.user_behavior_service:__init__:23 - Kafka连接失败，将跳过Kafka消息发送: NoBrokersAvailable
2026-04-09 13:13:25 | WARNING  | app.services.dish_feature_service:__init__:25 - Kafka连接失败，将跳过Kafka消息发送: NoBrokersAvailable
2026-04-09 13:13:28 | WARNING  | app.services.user_behavior_service:__init__:23 - Kafka连接失败，将跳过Kafka消息发送: NoBrokersAvailable
2026-04-09 13:13:28 | INFO     | app.services.user_behavior_service:collect_behavior:54 - Collected user behavior: 2b2f0235-e8d8-47e5-95be-3980d39b622d
2026-04-09 13:13:30 | WARNING  | app.services.user_behavior_service:__init__:23 - Kafka连接失败，将跳过Kafka消息发送: NoBrokersAvailable
2026-04-09 13:13:30 | INFO     | app.services.user_behavior_service:collect_behavior:54 - Collected user behavior: aab8fb87-3b31-451d-bdc0-bca5a721c43a
2026-04-09 13:13:30 | INFO     | app.services.user_behavior_service:collect_behavior:54 - Collected user behavior: af1c5da3-7e2a-4afd-b0dc-88c0c5823802
2026-04-09 13:13:32 | WARNING  | app.services.user_behavior_service:__init__:23 - Kafka连接失败，将跳过Kafka消息发送: NoBrokersAvailable
2026-04-09 13:13:32 | INFO     | app.services.user_behavior_service:collect_behavior:54 - Collected user behavior: 0124abd5-9b43-48d3-bee6-86e81a2d03fb
2026-04-09 13:13:32 | WARNING  | app.services.user_behavior_service:get_user_behaviors:99 - MongoDB not available, returning empty behavior list
2026-04-09 13:13:36 | WARNING  | app.services.dish_feature_service:__init__:25 - Kafka连接失败，将跳过Kafka消息发送: NoBrokersAvailable
2026-04-09 13:13:36 | INFO     | app.services.dish_feature_service:create_dish_feature:102 - Created dish feature: a58bcb03-1c9e-4d26-a9a0-9948254a01bb
2026-04-09 13:13:38 | WARNING  | app.services.dish_feature_service:__init__:25 - Kafka连接失败，将跳过Kafka消息发送: NoBrokersAvailable
2026-04-09 13:13:38 | INFO     | app.services.dish_feature_service:create_dish_feature:102 - Created dish feature: e86ccf08-5144-45ae-ab5c-acb9d90bb4e6
2026-04-09 13:13:38 | INFO     | app.services.dish_feature_service:create_dish_feature:102 - Created dish feature: 4dc87552-3d53-4dda-ae74-6d80ad2d59dc
2026-04-09 13:13:40 | WARNING  | app.services.dish_feature_service:__init__:25 - Kafka连接失败，将跳过Kafka消息发送: NoBrokersAvailable
2026-04-09 13:13:40 | INFO     | app.services.dish_feature_service:create_dish_feature:102 - Created dish feature: 5359111f-51c6-4691-bd06-8c03f203b1f3
2026-04-09 13:13:40 | WARNING  | app.services.dish_feature_service:get_dish_feature:159 - MongoDB not available, cannot get dish feature
2026-04-09 13:13:40 | ERROR    | app.services.dish_feature_service:get_dish_feature:168 - Failed to get dish feature: MongoDB not available: test_dish_789
2026-04-09 13:13:42 | WARNING  | app.services.dish_feature_service:__init__:25 - Kafka连接失败，将跳过Kafka消息发送: NoBrokersAvailable
2026-04-09 13:13:42 | ERROR    | app.services.data_cleaning_service:clean_user_behavior_data:43 - Failed to clean user behavior data: 'merchant_id'
2026-04-09 13:13:42 | ERROR    | app.services.data_cleaning_service:clean_dish_feature_data:78 - Failed to clean dish feature data: 'description'
2026-04-09 13:13:42 | WARNING  | app.services.data_quality_service:_update_quality_metrics_in_redis:249 - Failed to update Redis quality metrics: 'NoneType' object has no attribute 'hset'
2026-04-09 13:13:42 | INFO     | app.services.data_quality_service:calculate_data_quality_metrics:60 - Calculated data quality metrics for user_behavior: {'data_type': 'user_behavior', 'record_count': 3, 'timestamp': '2026-04-09T05:13:42.503988', 'completeness': 0.6666666666666666, 'accuracy': 1.0, 'consistency': 1.0, 'timeliness': 0.999999986234568, 'duplicate_count': 0, 'error_count': 1, 'field_statistics': {'user_id': {'non_null_count': 3, 'null_count': 0, 'unique_count': 3, 'non_empty_count': 2}, 'behavior_type': {'non_null_count': 3, 'null_count': 0, 'unique_count': 3, 'non_empty_count': 3}, 'dish_id': {'non_null_count': 3, 'null_count': 0, 'unique_count': 3, 'non_empty_count': 3}, 'timestamp': {'non_null_count': 3, 'null_count': 0, 'unique_count': 1}, 'age_hours': {'non_null_count': 3, 'null_count': 0, 'unique_count': 1, 'mean': 9.911111111111111e-07, 'min': 9.911111111111111e-07, 'max': 9.911111111111111e-07, 'std': 0.0}, 'timeliness_score': {'non_null_count': 3, 'null_count': 0, 'unique_count': 1, 'mean': 0.999999986234568, 'min': 0.9999999862345679, 'max': 0.9999999862345679, 'std': 1.3597399555105182e-16}}}
2026-04-09 13:13:42 | WARNING  | app.services.data_quality_service:_update_quality_metrics_in_redis:249 - Failed to update Redis quality metrics: 'NoneType' object has no attribute 'hset'
2026-04-09 13:13:42 | INFO     | app.services.data_quality_service:calculate_data_quality_metrics:60 - Calculated data quality metrics for dish_feature: {'data_type': 'dish_feature', 'record_count': 3, 'timestamp': '2026-04-09T05:13:42.529950', 'completeness': 0.6666666666666666, 'accuracy': 0.4444444444444444, 'consistency': 0.6666666666666666, 'timeliness': 1.0, 'duplicate_count': 0, 'error_count': 2, 'field_statistics': {'dish_id': {'non_null_count': 3, 'null_count': 0, 'unique_count': 3, 'non_empty_count': 3}, 'merchant_id': {'non_null_count': 3, 'null_count': 0, 'unique_count': 3, 'non_empty_count': 3}, 'name': {'non_null_count': 3, 'null_count': 0, 'unique_count': 3, 'non_empty_count': 3}, 'price': {'non_null_count': 3, 'null_count': 0, 'unique_count': 3, 'mean': 28.833333333333332, 'min': -10.0, 'max': 68.0, 'std': 39.00106836143509}, 'category': {'non_null_count': 3, 'null_count': 0, 'unique_count': 2, 'non_empty_count': 2}, 'sales_volume': {'non_null_count': 1, 'null_count': 2, 'unique_count': 1, 'mean': 100.0, 'min': 100.0, 'max': 100.0, 'std': nan}, 'rating': {'non_null_count': 2, 'null_count': 1, 'unique_count': 2, 'mean': 5.25, 'min': 4.5, 'max': 6.0, 'std': 1.0606601717798212}}}
2026-04-09 13:15:12 | INFO     | app.services.data_cleaning_service:clean_user_behavior_data:39 - Cleaned 1 user behavior records
2026-04-09 13:15:25 | ERROR    | app.services.data_cleaning_service:clean_dish_feature_data:78 - Failed to clean dish feature data: 'description'
2026-04-09 13:17:09 | INFO     | app.services.data_cleaning_service:clean_dish_feature_data:74 - Cleaned 1 dish feature records
2026-04-09 13:17:26 | WARNING  | app.core.database:<module>:22 - Redis connection failed: Error 10061 connecting to localhost:6379. 由于目标计算机积极拒绝，无法连接。.
2026-04-09 13:17:31 | WARNING  | app.core.database:<module>:33 - MongoDB connection failed: localhost:27017: [WinError 10061] 由于目标计算机积极拒绝，无法连接。 (configured timeouts: socketTimeoutMS: 20000.0ms, connectTimeoutMS: 20000.0ms), Timeout: 5.0s, Topology Description: <TopologyDescription id: 69d736664cb9bddf8aaa9c6c, topology_type: Unknown, servers: [<ServerDescription ('localhost', 27017) server_type: Unknown, rtt: None, error=AutoReconnect('localhost:27017: [WinError 10061] 由于目标计算机积极拒绝，无法连接。 (configured timeouts: socketTimeoutMS: 20000.0ms, connectTimeoutMS: 20000.0ms)')>]>
2026-04-09 13:17:33 | WARNING  | app.services.user_behavior_service:__init__:23 - Kafka连接失败，将跳过Kafka消息发送: NoBrokersAvailable
2026-04-09 13:17:36 | WARNING  | app.services.dish_feature_service:__init__:25 - Kafka连接失败，将跳过Kafka消息发送: NoBrokersAvailable
2026-04-09 13:17:39 | WARNING  | app.services.user_behavior_service:__init__:23 - Kafka连接失败，将跳过Kafka消息发送: NoBrokersAvailable
2026-04-09 13:17:39 | INFO     | app.services.user_behavior_service:collect_behavior:54 - Collected user behavior: 89fd5132-a33c-4939-8dc8-deaf7cb54f75
2026-04-09 13:17:41 | WARNING  | app.services.user_behavior_service:__init__:23 - Kafka连接失败，将跳过Kafka消息发送: NoBrokersAvailable
2026-04-09 13:17:41 | INFO     | app.services.user_behavior_service:collect_behavior:54 - Collected user behavior: 8d501b91-0789-44b7-babd-5bd6133fa0d3
2026-04-09 13:17:41 | INFO     | app.services.user_behavior_service:collect_behavior:54 - Collected user behavior: 453e5f01-d515-49ca-875c-4adf88be02e0
2026-04-09 13:17:43 | WARNING  | app.services.user_behavior_service:__init__:23 - Kafka连接失败，将跳过Kafka消息发送: NoBrokersAvailable
2026-04-09 13:17:43 | INFO     | app.services.user_behavior_service:collect_behavior:54 - Collected user behavior: f88c3e3f-8d1f-438d-97ed-4b86920acee6
2026-04-09 13:17:43 | WARNING  | app.services.user_behavior_service:get_user_behaviors:99 - MongoDB not available, returning empty behavior list
2026-04-09 13:17:46 | WARNING  | app.services.dish_feature_service:__init__:25 - Kafka连接失败，将跳过Kafka消息发送: NoBrokersAvailable
2026-04-09 13:17:46 | INFO     | app.services.dish_feature_service:create_dish_feature:102 - Created dish feature: b6562d0b-04bb-40e2-8073-236bf020821d
2026-04-09 13:17:48 | WARNING  | app.services.dish_feature_service:__init__:25 - Kafka连接失败，将跳过Kafka消息发送: NoBrokersAvailable
2026-04-09 13:17:48 | INFO     | app.services.dish_feature_service:create_dish_feature:102 - Created dish feature: 0b04b68f-285c-4dd9-97aa-d1447c7f21b4
2026-04-09 13:17:48 | INFO     | app.services.dish_feature_service:create_dish_feature:102 - Created dish feature: 76801c03-0ce6-421c-a197-f0f88f99e44a
2026-04-09 13:17:50 | WARNING  | app.services.dish_feature_service:__init__:25 - Kafka连接失败，将跳过Kafka消息发送: NoBrokersAvailable
2026-04-09 13:17:50 | INFO     | app.services.dish_feature_service:create_dish_feature:102 - Created dish feature: 63f3fbbe-1086-4831-b2ad-155dfe2ea7f1
2026-04-09 13:17:50 | WARNING  | app.services.dish_feature_service:get_dish_feature:159 - MongoDB not available, cannot get dish feature
2026-04-09 13:17:50 | ERROR    | app.services.dish_feature_service:get_dish_feature:168 - Failed to get dish feature: MongoDB not available: test_dish_789
2026-04-09 13:17:52 | WARNING  | app.services.dish_feature_service:__init__:25 - Kafka连接失败，将跳过Kafka消息发送: NoBrokersAvailable
2026-04-09 13:17:52 | INFO     | app.services.data_cleaning_service:clean_user_behavior_data:39 - Cleaned 1 user behavior records
2026-04-09 13:17:52 | INFO     | app.services.data_cleaning_service:clean_dish_feature_data:74 - Cleaned 1 dish feature records
2026-04-09 13:17:52 | WARNING  | app.services.data_quality_service:_update_quality_metrics_in_redis:249 - Failed to update Redis quality metrics: 'NoneType' object has no attribute 'hset'
2026-04-09 13:17:52 | INFO     | app.services.data_quality_service:calculate_data_quality_metrics:60 - Calculated data quality metrics for user_behavior: {'data_type': 'user_behavior', 'record_count': 3, 'timestamp': '2026-04-09T05:17:52.705407', 'completeness': 0.6666666666666666, 'accuracy': 1.0, 'consistency': 1.0, 'timeliness': 0.9999999961149691, 'duplicate_count': 0, 'error_count': 1, 'field_statistics': {'user_id': {'non_null_count': 3, 'null_count': 0, 'unique_count': 3, 'non_empty_count': 2}, 'behavior_type': {'non_null_count': 3, 'null_count': 0, 'unique_count': 3, 'non_empty_count': 3}, 'dish_id': {'non_null_count': 3, 'null_count': 0, 'unique_count': 3, 'non_empty_count': 3}, 'timestamp': {'non_null_count': 3, 'null_count': 0, 'unique_count': 1}, 'age_hours': {'non_null_count': 3, 'null_count': 0, 'unique_count': 1, 'mean': 2.7972222222222225e-07, 'min': 2.7972222222222225e-07, 'max': 2.7972222222222225e-07, 'std': 0.0}, 'timeliness_score': {'non_null_count': 3, 'null_count': 0, 'unique_count': 1, 'mean': 0.9999999961149691, 'min': 0.9999999961149691, 'max': 0.9999999961149691, 'std': 0.0}}}
2026-04-09 13:17:52 | WARNING  | app.services.data_quality_service:_update_quality_metrics_in_redis:249 - Failed to update Redis quality metrics: 'NoneType' object has no attribute 'hset'
2026-04-09 13:17:52 | INFO     | app.services.data_quality_service:calculate_data_quality_metrics:60 - Calculated data quality metrics for dish_feature: {'data_type': 'dish_feature', 'record_count': 3, 'timestamp': '2026-04-09T05:17:52.714401', 'completeness': 0.6666666666666666, 'accuracy': 0.4444444444444444, 'consistency': 0.6666666666666666, 'timeliness': 1.0, 'duplicate_count': 0, 'error_count': 2, 'field_statistics': {'dish_id': {'non_null_count': 3, 'null_count': 0, 'unique_count': 3, 'non_empty_count': 3}, 'merchant_id': {'non_null_count': 3, 'null_count': 0, 'unique_count': 3, 'non_empty_count': 3}, 'name': {'non_null_count': 3, 'null_count': 0, 'unique_count': 3, 'non_empty_count': 3}, 'price': {'non_null_count': 3, 'null_count': 0, 'unique_count': 3, 'mean': 28.833333333333332, 'min': -10.0, 'max': 68.0, 'std': 39.00106836143509}, 'category': {'non_null_count': 3, 'null_count': 0, 'unique_count': 2, 'non_empty_count': 2}, 'sales_volume': {'non_null_count': 1, 'null_count': 2, 'unique_count': 1, 'mean': 100.0, 'min': 100.0, 'max': 100.0, 'std': nan}, 'rating': {'non_null_count': 2, 'null_count': 1, 'unique_count': 2, 'mean': 5.25, 'min': 4.5, 'max': 6.0, 'std': 1.0606601717798212}}}
2026-04-09 13:21:37 | WARNING  | app.core.database:<module>:22 - Redis connection failed: Error 10061 connecting to localhost:6379. 由于目标计算机积极拒绝，无法连接。.
2026-04-09 13:21:43 | WARNING  | app.core.database:<module>:33 - MongoDB connection failed: localhost:27017: [WinError 10061] 由于目标计算机积极拒绝，无法连接。 (configured timeouts: socketTimeoutMS: 20000.0ms, connectTimeoutMS: 20000.0ms), Timeout: 5.0s, Topology Description: <TopologyDescription id: 69d73761b95a7e20ada90582, topology_type: Unknown, servers: [<ServerDescription ('localhost', 27017) server_type: Unknown, rtt: None, error=AutoReconnect('localhost:27017: [WinError 10061] 由于目标计算机积极拒绝，无法连接。 (configured timeouts: socketTimeoutMS: 20000.0ms, connectTimeoutMS: 20000.0ms)')>]>
2026-04-09 13:22:45 | WARNING  | app.core.database:<module>:22 - Redis connection failed: Error 10061 connecting to localhost:6379. 由于目标计算机积极拒绝，无法连接。.
2026-04-09 13:22:50 | WARNING  | app.core.database:<module>:33 - MongoDB connection failed: localhost:27017: [WinError 10061] 由于目标计算机积极拒绝，无法连接。 (configured timeouts: socketTimeoutMS: 20000.0ms, connectTimeoutMS: 20000.0ms), Timeout: 5.0s, Topology Description: <TopologyDescription id: 69d737a515edc75ddd30b3af, topology_type: Unknown, servers: [<ServerDescription ('localhost', 27017) server_type: Unknown, rtt: None, error=AutoReconnect('localhost:27017: [WinError 10061] 由于目标计算机积极拒绝，无法连接。 (configured timeouts: socketTimeoutMS: 20000.0ms, connectTimeoutMS: 20000.0ms)')>]>
2026-04-09 13:23:38 | WARNING  | app.core.database:<module>:22 - Redis connection failed: Error 10061 connecting to localhost:6379. 由于目标计算机积极拒绝，无法连接。.
2026-04-09 13:23:43 | WARNING  | app.core.database:<module>:33 - MongoDB connection failed: localhost:27017: [WinError 10061] 由于目标计算机积极拒绝，无法连接。 (configured timeouts: socketTimeoutMS: 20000.0ms, connectTimeoutMS: 20000.0ms), Timeout: 5.0s, Topology Description: <TopologyDescription id: 69d737da3f3a3ec3af4b1383, topology_type: Unknown, servers: [<ServerDescription ('localhost', 27017) server_type: Unknown, rtt: None, error=AutoReconnect('localhost:27017: [WinError 10061] 由于目标计算机积极拒绝，无法连接。 (configured timeouts: socketTimeoutMS: 20000.0ms, connectTimeoutMS: 20000.0ms)')>]>
2026-04-09 13:24:00 | WARNING  | app.core.database:<module>:22 - Redis connection failed: Error 10061 connecting to localhost:6379. 由于目标计算机积极拒绝，无法连接。.
2026-04-09 13:24:05 | WARNING  | app.core.database:<module>:33 - MongoDB connection failed: localhost:27017: [WinError 10061] 由于目标计算机积极拒绝，无法连接。 (configured timeouts: socketTimeoutMS: 20000.0ms, connectTimeoutMS: 20000.0ms), Timeout: 5.0s, Topology Description: <TopologyDescription id: 69d737f0d18f541b6ff89f56, topology_type: Unknown, servers: [<ServerDescription ('localhost', 27017) server_type: Unknown, rtt: None, error=AutoReconnect('localhost:27017: [WinError 10061] 由于目标计算机积极拒绝，无法连接。 (configured timeouts: socketTimeoutMS: 20000.0ms, connectTimeoutMS: 20000.0ms)')>]>
2026-04-09 13:24:46 | WARNING  | app.core.database:<module>:22 - Redis connection failed: Error 10061 connecting to localhost:6379. 由于目标计算机积极拒绝，无法连接。.
2026-04-09 13:24:51 | WARNING  | app.core.database:<module>:33 - MongoDB connection failed: localhost:27017: [WinError 10061] 由于目标计算机积极拒绝，无法连接。 (configured timeouts: socketTimeoutMS: 20000.0ms, connectTimeoutMS: 20000.0ms), Timeout: 5.0s, Topology Description: <TopologyDescription id: 69d7381ee200f0e874d30a91, topology_type: Unknown, servers: [<ServerDescription ('localhost', 27017) server_type: Unknown, rtt: None, error=AutoReconnect('localhost:27017: [WinError 10061] 由于目标计算机积极拒绝，无法连接。 (configured timeouts: socketTimeoutMS: 20000.0ms, connectTimeoutMS: 20000.0ms)')>]>
2026-04-09 13:25:04 | WARNING  | app.core.database:<module>:22 - Redis connection failed: Error 10061 connecting to localhost:6379. 由于目标计算机积极拒绝，无法连接。.
2026-04-09 13:25:09 | WARNING  | app.core.database:<module>:33 - MongoDB connection failed: localhost:27017: [WinError 10061] 由于目标计算机积极拒绝，无法连接。 (configured timeouts: socketTimeoutMS: 20000.0ms, connectTimeoutMS: 20000.0ms), Timeout: 5.0s, Topology Description: <TopologyDescription id: 69d738303a6ac8ca59012a31, topology_type: Unknown, servers: [<ServerDescription ('localhost', 27017) server_type: Unknown, rtt: None, error=AutoReconnect('localhost:27017: [WinError 10061] 由于目标计算机积极拒绝，无法连接。 (configured timeouts: socketTimeoutMS: 20000.0ms, connectTimeoutMS: 20000.0ms)')>]>
2026-04-09 13:25:11 | WARNING  | app.services.dish_feature_service:__init__:25 - Kafka连接失败，将跳过Kafka消息发送: NoBrokersAvailable
2026-04-09 13:25:13 | WARNING  | app.services.user_behavior_service:__init__:23 - Kafka连接失败，将跳过Kafka消息发送: NoBrokersAvailable
2026-04-09 13:25:13 | INFO     | app.services.data_cleaning_service:clean_user_behavior_data:39 - Cleaned 1 user behavior records
2026-04-09 13:25:13 | INFO     | app.services.data_cleaning_service:clean_dish_feature_data:74 - Cleaned 1 dish feature records
2026-04-09 13:25:13 | WARNING  | app.services.data_quality_service:_update_quality_metrics_in_redis:249 - Failed to update Redis quality metrics: 'NoneType' object has no attribute 'hset'
2026-04-09 13:25:13 | INFO     | app.services.data_quality_service:calculate_data_quality_metrics:60 - Calculated data quality metrics for user_behavior: {'data_type': 'user_behavior', 'record_count': 3, 'timestamp': '2026-04-09T05:25:13.960192', 'completeness': 0.6666666666666666, 'accuracy': 1.0, 'consistency': 1.0, 'timeliness': 0.9999999940046296, 'duplicate_count': 0, 'error_count': 1, 'field_statistics': {'user_id': {'non_null_count': 3, 'null_count': 0, 'unique_count': 3, 'non_empty_count': 2}, 'behavior_type': {'non_null_count': 3, 'null_count': 0, 'unique_count': 3, 'non_empty_count': 3}, 'dish_id': {'non_null_count': 3, 'null_count': 0, 'unique_count': 3, 'non_empty_count': 3}, 'timestamp': {'non_null_count': 3, 'null_count': 0, 'unique_count': 1}, 'age_hours': {'non_null_count': 3, 'null_count': 0, 'unique_count': 1, 'mean': 4.316666666666667e-07, 'min': 4.316666666666667e-07, 'max': 4.316666666666667e-07, 'std': 0.0}, 'timeliness_score': {'non_null_count': 3, 'null_count': 0, 'unique_count': 1, 'mean': 0.9999999940046296, 'min': 0.9999999940046296, 'max': 0.9999999940046296, 'std': 0.0}}}
2026-04-09 13:25:13 | WARNING  | app.services.data_quality_service:_update_quality_metrics_in_redis:249 - Failed to update Redis quality metrics: 'NoneType' object has no attribute 'hset'
2026-04-09 13:25:13 | INFO     | app.services.data_quality_service:calculate_data_quality_metrics:60 - Calculated data quality metrics for dish_feature: {'data_type': 'dish_feature', 'record_count': 3, 'timestamp': '2026-04-09T05:25:13.968547', 'completeness': 0.6666666666666666, 'accuracy': 0.4444444444444444, 'consistency': 0.6666666666666666, 'timeliness': 1.0, 'duplicate_count': 0, 'error_count': 2, 'field_statistics': {'dish_id': {'non_null_count': 3, 'null_count': 0, 'unique_count': 3, 'non_empty_count': 3}, 'merchant_id': {'non_null_count': 3, 'null_count': 0, 'unique_count': 3, 'non_empty_count': 3}, 'name': {'non_null_count': 3, 'null_count': 0, 'unique_count': 3, 'non_empty_count': 3}, 'price': {'non_null_count': 3, 'null_count': 0, 'unique_count': 3, 'mean': 28.833333333333332, 'min': -10.0, 'max': 68.0, 'std': 39.00106836143509}, 'category': {'non_null_count': 3, 'null_count': 0, 'unique_count': 2, 'non_empty_count': 2}, 'sales_volume': {'non_null_count': 1, 'null_count': 2, 'unique_count': 1, 'mean': 100.0, 'min': 100.0, 'max': 100.0, 'std': nan}, 'rating': {'non_null_count': 2, 'null_count': 1, 'unique_count': 2, 'mean': 5.25, 'min': 4.5, 'max': 6.0, 'std': 1.0606601717798212}}}
2026-04-09 13:25:15 | WARNING  | app.services.dish_feature_service:__init__:25 - Kafka连接失败，将跳过Kafka消息发送: NoBrokersAvailable
2026-04-09 13:25:15 | INFO     | app.services.dish_feature_service:create_dish_feature:102 - Created dish feature: b6071345-8c5b-441a-9b20-85e69d07cef0
2026-04-09 13:25:18 | WARNING  | app.services.dish_feature_service:__init__:25 - Kafka连接失败，将跳过Kafka消息发送: NoBrokersAvailable
2026-04-09 13:25:18 | INFO     | app.services.dish_feature_service:create_dish_feature:102 - Created dish feature: eef255b2-2ac0-4efe-81de-3f11d4a5ac7e
2026-04-09 13:25:18 | INFO     | app.services.dish_feature_service:create_dish_feature:102 - Created dish feature: e65431bf-6bb8-4ee4-a702-535366d7a6c2
2026-04-09 13:25:20 | WARNING  | app.services.dish_feature_service:__init__:25 - Kafka连接失败，将跳过Kafka消息发送: NoBrokersAvailable
2026-04-09 13:25:20 | INFO     | app.services.dish_feature_service:create_dish_feature:102 - Created dish feature: 28b6ce49-fe39-47bc-a4ca-233840ea9244
2026-04-09 13:25:20 | WARNING  | app.services.dish_feature_service:get_dish_feature:159 - MongoDB not available, cannot get dish feature
2026-04-09 13:25:20 | ERROR    | app.services.dish_feature_service:get_dish_feature:168 - Failed to get dish feature: MongoDB not available: test_dish_789
2026-04-09 13:25:22 | WARNING  | app.services.dish_feature_service:__init__:25 - Kafka连接失败，将跳过Kafka消息发送: NoBrokersAvailable
2026-04-09 13:25:24 | WARNING  | app.services.user_behavior_service:__init__:23 - Kafka连接失败，将跳过Kafka消息发送: NoBrokersAvailable
2026-04-09 13:25:24 | INFO     | app.services.user_behavior_service:collect_behavior:54 - Collected user behavior: d49e188a-e559-49e0-9f20-e18266059aa3
2026-04-09 13:25:26 | WARNING  | app.services.user_behavior_service:__init__:23 - Kafka连接失败，将跳过Kafka消息发送: NoBrokersAvailable
2026-04-09 13:25:26 | INFO     | app.services.user_behavior_service:collect_behavior:54 - Collected user behavior: ff984a3f-3845-4ee7-bbf9-b360cf0fa80c
2026-04-09 13:25:26 | INFO     | app.services.user_behavior_service:collect_behavior:54 - Collected user behavior: 0e8d6c45-cf2c-429a-b164-288701908099
2026-04-09 13:25:28 | WARNING  | app.services.user_behavior_service:__init__:23 - Kafka连接失败，将跳过Kafka消息发送: NoBrokersAvailable
2026-04-09 13:25:28 | INFO     | app.services.user_behavior_service:collect_behavior:54 - Collected user behavior: f9263e38-2c9b-4ddb-838c-f0534dbead37
2026-04-09 13:25:28 | WARNING  | app.services.user_behavior_service:get_user_behaviors:99 - MongoDB not available, returning empty behavior list
2026-04-09 13:33:10 | WARNING  | app.core.database:<module>:33 - MongoDB connection failed: localhost:27017: [WinError 10061] 由于目标计算机积极拒绝，无法连接。 (configured timeouts: socketTimeoutMS: 20000.0ms, connectTimeoutMS: 20000.0ms), Timeout: 5.0s, Topology Description: <TopologyDescription id: 69d73a11ec53e77530f207cd, topology_type: Unknown, servers: [<ServerDescription ('localhost', 27017) server_type: Unknown, rtt: None, error=AutoReconnect('localhost:27017: [WinError 10061] 由于目标计算机积极拒绝，无法连接。 (configured timeouts: socketTimeoutMS: 20000.0ms, connectTimeoutMS: 20000.0ms)')>]>
2026-04-09 13:33:13 | WARNING  | app.services.dish_feature_service:__init__:25 - Kafka连接失败，将跳过Kafka消息发送: NoBrokersAvailable
2026-04-09 13:33:15 | WARNING  | app.services.user_behavior_service:__init__:23 - Kafka连接失败，将跳过Kafka消息发送: NoBrokersAvailable
2026-04-09 13:33:15 | INFO     | app.services.data_cleaning_service:clean_user_behavior_data:39 - Cleaned 1 user behavior records
2026-04-09 13:33:15 | INFO     | app.services.data_cleaning_service:clean_dish_feature_data:74 - Cleaned 1 dish feature records
2026-04-09 13:33:15 | WARNING  | app.services.data_quality_service:_update_quality_metrics_in_redis:249 - Failed to update Redis quality metrics: 'NoneType' object has no attribute 'hset'
2026-04-09 13:33:15 | INFO     | app.services.data_quality_service:calculate_data_quality_metrics:60 - Calculated data quality metrics for user_behavior: {'data_type': 'user_behavior', 'record_count': 3, 'timestamp': '2026-04-09T05:33:15.607297', 'completeness': 0.6666666666666666, 'accuracy': 1.0, 'consistency': 1.0, 'timeliness': 0.9999999919020062, 'duplicate_count': 0, 'error_count': 1, 'field_statistics': {'user_id': {'non_null_count': 3, 'null_count': 0, 'unique_count': 3, 'non_empty_count': 2}, 'behavior_type': {'non_null_count': 3, 'null_count': 0, 'unique_count': 3, 'non_empty_count': 3}, 'dish_id': {'non_null_count': 3, 'null_count': 0, 'unique_count': 3, 'non_empty_count': 3}, 'timestamp': {'non_null_count': 3, 'null_count': 0, 'unique_count': 1}, 'age_hours': {'non_null_count': 3, 'null_count': 0, 'unique_count': 1, 'mean': 5.830555555555556e-07, 'min': 5.830555555555556e-07, 'max': 5.830555555555556e-07, 'std': 0.0}, 'timeliness_score': {'non_null_count': 3, 'null_count': 0, 'unique_count': 1, 'mean': 0.9999999919020062, 'min': 0.9999999919020062, 'max': 0.9999999919020062, 'std': 0.0}}}
2026-04-09 13:33:15 | WARNING  | app.services.data_quality_service:_update_quality_metrics_in_redis:249 - Failed to update Redis quality metrics: 'NoneType' object has no attribute 'hset'
2026-04-09 13:33:15 | INFO     | app.services.data_quality_service:calculate_data_quality_metrics:60 - Calculated data quality metrics for dish_feature: {'data_type': 'dish_feature', 'record_count': 3, 'timestamp': '2026-04-09T05:33:15.626115', 'completeness': 0.6666666666666666, 'accuracy': 0.4444444444444444, 'consistency': 0.6666666666666666, 'timeliness': 1.0, 'duplicate_count': 0, 'error_count': 2, 'field_statistics': {'dish_id': {'non_null_count': 3, 'null_count': 0, 'unique_count': 3, 'non_empty_count': 3}, 'merchant_id': {'non_null_count': 3, 'null_count': 0, 'unique_count': 3, 'non_empty_count': 3}, 'name': {'non_null_count': 3, 'null_count': 0, 'unique_count': 3, 'non_empty_count': 3}, 'price': {'non_null_count': 3, 'null_count': 0, 'unique_count': 3, 'mean': 28.833333333333332, 'min': -10.0, 'max': 68.0, 'std': 39.00106836143509}, 'category': {'non_null_count': 3, 'null_count': 0, 'unique_count': 2, 'non_empty_count': 2}, 'sales_volume': {'non_null_count': 1, 'null_count': 2, 'unique_count': 1, 'mean': 100.0, 'min': 100.0, 'max': 100.0, 'std': nan}, 'rating': {'non_null_count': 2, 'null_count': 1, 'unique_count': 2, 'mean': 5.25, 'min': 4.5, 'max': 6.0, 'std': 1.0606601717798212}}}
2026-04-09 13:33:17 | WARNING  | app.services.dish_feature_service:__init__:25 - Kafka连接失败，将跳过Kafka消息发送: NoBrokersAvailable
2026-04-09 13:33:17 | INFO     | app.services.dish_feature_service:create_dish_feature:102 - Created dish feature: b1175527-619e-4c79-93f4-c9d504d3b8d1
2026-04-09 13:33:19 | WARNING  | app.services.dish_feature_service:__init__:25 - Kafka连接失败，将跳过Kafka消息发送: NoBrokersAvailable
2026-04-09 13:33:19 | INFO     | app.services.dish_feature_service:create_dish_feature:102 - Created dish feature: 5aac0577-6348-4482-b6bf-58cc04885ddf
2026-04-09 13:33:19 | INFO     | app.services.dish_feature_service:create_dish_feature:102 - Created dish feature: a61e73be-c8e4-4fde-8b2d-cb37d18469cf
2026-04-09 13:33:21 | WARNING  | app.services.dish_feature_service:__init__:25 - Kafka连接失败，将跳过Kafka消息发送: NoBrokersAvailable
2026-04-09 13:33:21 | INFO     | app.services.dish_feature_service:create_dish_feature:102 - Created dish feature: 3dbe3e94-71eb-49f2-be93-5edd0112bc33
2026-04-09 13:33:21 | WARNING  | app.services.dish_feature_service:get_dish_feature:159 - MongoDB not available, cannot get dish feature
2026-04-09 13:33:21 | ERROR    | app.services.dish_feature_service:get_dish_feature:168 - Failed to get dish feature: MongoDB not available: test_dish_789
2026-04-09 13:33:25 | WARNING  | app.services.dish_feature_service:__init__:25 - Kafka连接失败，将跳过Kafka消息发送: NoBrokersAvailable
2026-04-09 13:33:27 | WARNING  | app.services.user_behavior_service:__init__:23 - Kafka连接失败，将跳过Kafka消息发送: NoBrokersAvailable
2026-04-09 13:33:27 | INFO     | app.services.user_behavior_service:collect_behavior:54 - Collected user behavior: dce86081-4557-4350-8ee6-d1aa43fc49d1
2026-04-09 13:33:29 | WARNING  | app.services.user_behavior_service:__init__:23 - Kafka连接失败，将跳过Kafka消息发送: NoBrokersAvailable
2026-04-09 13:33:29 | INFO     | app.services.user_behavior_service:collect_behavior:54 - Collected user behavior: 2907da71-4a70-4990-be58-13fc6bcc03b4
2026-04-09 13:33:29 | INFO     | app.services.user_behavior_service:collect_behavior:54 - Collected user behavior: 5bec3fc1-bb46-4332-b5b2-66525adcf644
2026-04-09 13:33:31 | WARNING  | app.services.user_behavior_service:__init__:23 - Kafka连接失败，将跳过Kafka消息发送: NoBrokersAvailable
2026-04-09 13:33:31 | INFO     | app.services.user_behavior_service:collect_behavior:54 - Collected user behavior: 8c894a07-7029-442f-bacd-58298a1d25d2
2026-04-09 13:33:31 | WARNING  | app.services.user_behavior_service:get_user_behaviors:99 - MongoDB not available, returning empty behavior list
2026-04-09 13:40:15 | WARNING  | app.core.database:<module>:22 - Redis connection failed: Error 10061 connecting to localhost:6379. 由于目标计算机积极拒绝，无法连接。.
2026-04-09 13:40:20 | WARNING  | app.core.database:<module>:33 - MongoDB connection failed: localhost:27017: [WinError 10061] 由于目标计算机积极拒绝，无法连接。 (configured timeouts: socketTimeoutMS: 20000.0ms, connectTimeoutMS: 20000.0ms), Timeout: 5.0s, Topology Description: <TopologyDescription id: 69d73bbfd3c4f904473adb27, topology_type: Unknown, servers: [<ServerDescription ('localhost', 27017) server_type: Unknown, rtt: None, error=AutoReconnect('localhost:27017: [WinError 10061] 由于目标计算机积极拒绝，无法连接。 (configured timeouts: socketTimeoutMS: 20000.0ms, connectTimeoutMS: 20000.0ms)')>]>
2026-04-09 13:40:23 | WARNING  | app.services.dish_feature_service:__init__:25 - Kafka连接失败，将跳过Kafka消息发送: NoBrokersAvailable
2026-04-09 13:40:25 | WARNING  | app.services.user_behavior_service:__init__:23 - Kafka连接失败，将跳过Kafka消息发送: NoBrokersAvailable
2026-04-09 13:40:25 | INFO     | app.services.data_cleaning_service:clean_user_behavior_data:39 - Cleaned 1 user behavior records
2026-04-09 13:40:26 | INFO     | app.services.data_cleaning_service:clean_dish_feature_data:74 - Cleaned 1 dish feature records
2026-04-09 13:40:26 | WARNING  | app.services.data_quality_service:_update_quality_metrics_in_redis:249 - Failed to update Redis quality metrics: 'NoneType' object has no attribute 'hset'
2026-04-09 13:40:26 | INFO     | app.services.data_quality_service:calculate_data_quality_metrics:60 - Calculated data quality metrics for user_behavior: {'data_type': 'user_behavior', 'record_count': 3, 'timestamp': '2026-04-09T05:40:26.018126', 'completeness': 0.6666666666666666, 'accuracy': 1.0, 'consistency': 1.0, 'timeliness': 0.9999999884066358, 'duplicate_count': 0, 'error_count': 1, 'field_statistics': {'user_id': {'non_null_count': 3, 'null_count': 0, 'unique_count': 3, 'non_empty_count': 2}, 'behavior_type': {'non_null_count': 3, 'null_count': 0, 'unique_count': 3, 'non_empty_count': 3}, 'dish_id': {'non_null_count': 3, 'null_count': 0, 'unique_count': 3, 'non_empty_count': 3}, 'timestamp': {'non_null_count': 3, 'null_count': 0, 'unique_count': 1}, 'age_hours': {'non_null_count': 3, 'null_count': 0, 'unique_count': 1, 'mean': 8.347222222222222e-07, 'min': 8.347222222222222e-07, 'max': 8.347222222222222e-07, 'std': 0.0}, 'timeliness_score': {'non_null_count': 3, 'null_count': 0, 'unique_count': 1, 'mean': 0.9999999884066358, 'min': 0.9999999884066358, 'max': 0.9999999884066358, 'std': 0.0}}}
2026-04-09 13:40:26 | WARNING  | app.services.data_quality_service:_update_quality_metrics_in_redis:249 - Failed to update Redis quality metrics: 'NoneType' object has no attribute 'hset'
2026-04-09 13:40:26 | INFO     | app.services.data_quality_service:calculate_data_quality_metrics:60 - Calculated data quality metrics for dish_feature: {'data_type': 'dish_feature', 'record_count': 3, 'timestamp': '2026-04-09T05:40:26.036514', 'completeness': 0.6666666666666666, 'accuracy': 0.4444444444444444, 'consistency': 0.6666666666666666, 'timeliness': 1.0, 'duplicate_count': 0, 'error_count': 2, 'field_statistics': {'dish_id': {'non_null_count': 3, 'null_count': 0, 'unique_count': 3, 'non_empty_count': 3}, 'merchant_id': {'non_null_count': 3, 'null_count': 0, 'unique_count': 3, 'non_empty_count': 3}, 'name': {'non_null_count': 3, 'null_count': 0, 'unique_count': 3, 'non_empty_count': 3}, 'price': {'non_null_count': 3, 'null_count': 0, 'unique_count': 3, 'mean': 28.833333333333332, 'min': -10.0, 'max': 68.0, 'std': 39.00106836143509}, 'category': {'non_null_count': 3, 'null_count': 0, 'unique_count': 2, 'non_empty_count': 2}, 'sales_volume': {'non_null_count': 1, 'null_count': 2, 'unique_count': 1, 'mean': 100.0, 'min': 100.0, 'max': 100.0, 'std': nan}, 'rating': {'non_null_count': 2, 'null_count': 1, 'unique_count': 2, 'mean': 5.25, 'min': 4.5, 'max': 6.0, 'std': 1.0606601717798212}}}
2026-04-09 13:40:28 | WARNING  | app.services.dish_feature_service:__init__:25 - Kafka连接失败，将跳过Kafka消息发送: NoBrokersAvailable
2026-04-09 13:40:28 | INFO     | app.services.dish_feature_service:create_dish_feature:102 - Created dish feature: f51823a6-bf7e-4fa9-8869-633440978962
2026-04-09 13:40:30 | WARNING  | app.services.dish_feature_service:__init__:25 - Kafka连接失败，将跳过Kafka消息发送: NoBrokersAvailable
2026-04-09 13:40:30 | INFO     | app.services.dish_feature_service:create_dish_feature:102 - Created dish feature: d68fc365-8c7e-4d82-8201-357dde507a02
2026-04-09 13:40:30 | INFO     | app.services.dish_feature_service:create_dish_feature:102 - Created dish feature: 60685108-d823-4508-a5b6-5cc8607d82b9
2026-04-09 13:40:32 | WARNING  | app.services.dish_feature_service:__init__:25 - Kafka连接失败，将跳过Kafka消息发送: NoBrokersAvailable
2026-04-09 13:40:32 | INFO     | app.services.dish_feature_service:create_dish_feature:102 - Created dish feature: 2aef48ad-0133-453f-82b4-ad356131c624
2026-04-09 13:40:32 | WARNING  | app.services.dish_feature_service:get_dish_feature:159 - MongoDB not available, cannot get dish feature
2026-04-09 13:40:32 | ERROR    | app.services.dish_feature_service:get_dish_feature:168 - Failed to get dish feature: MongoDB not available: test_dish_789
2026-04-09 13:40:35 | WARNING  | app.services.dish_feature_service:__init__:25 - Kafka连接失败，将跳过Kafka消息发送: NoBrokersAvailable
2026-04-09 13:41:18 | WARNING  | app.services.user_behavior_service:__init__:23 - Kafka连接失败，将跳过Kafka消息发送: NoBrokersAvailable
2026-04-09 13:41:18 | INFO     | app.services.user_behavior_service:collect_behavior:54 - Collected user behavior: e7118689-41e1-4ea9-91d0-e12b3706129d
2026-04-09 13:41:20 | WARNING  | app.services.user_behavior_service:__init__:23 - Kafka连接失败，将跳过Kafka消息发送: NoBrokersAvailable
2026-04-09 13:41:20 | INFO     | app.services.user_behavior_service:collect_behavior:54 - Collected user behavior: 60fbaaf8-5124-4921-a12d-694ffd94bc8b
2026-04-09 13:41:20 | INFO     | app.services.user_behavior_service:collect_behavior:54 - Collected user behavior: 6ef9a067-d775-4bcd-acc2-37716b43b849
2026-04-09 13:41:22 | WARNING  | app.services.user_behavior_service:__init__:23 - Kafka连接失败，将跳过Kafka消息发送: NoBrokersAvailable
2026-04-09 13:41:22 | INFO     | app.services.user_behavior_service:collect_behavior:54 - Collected user behavior: 71502b76-2fc3-4c31-934a-462722880dc3
2026-04-09 13:41:22 | WARNING  | app.services.user_behavior_service:get_user_behaviors:99 - MongoDB not available, returning empty behavior list
2026-04-09 13:48:11 | WARNING  | app.core.database:<module>:33 - MongoDB connection failed: localhost:27017: [WinError 10061] 由于目标计算机积极拒绝，无法连接。 (configured timeouts: socketTimeoutMS: 20000.0ms, connectTimeoutMS: 20000.0ms), Timeout: 5.0s, Topology Description: <TopologyDescription id: 69d73d96a8623748c4e06ecc, topology_type: Unknown, servers: [<ServerDescription ('localhost', 27017) server_type: Unknown, rtt: None, error=AutoReconnect('localhost:27017: [WinError 10061] 由于目标计算机积极拒绝，无法连接。 (configured timeouts: socketTimeoutMS: 20000.0ms, connectTimeoutMS: 20000.0ms)')>]>
2026-04-09 13:48:26 | WARNING  | app.core.database:<module>:22 - Redis connection failed: Error 10061 connecting to localhost:6379. 由于目标计算机积极拒绝，无法连接。.
2026-04-09 13:48:32 | WARNING  | app.core.database:<module>:33 - MongoDB connection failed: localhost:27017: [WinError 10061] 由于目标计算机积极拒绝，无法连接。 (configured timeouts: socketTimeoutMS: 20000.0ms, connectTimeoutMS: 20000.0ms), Timeout: 5.0s, Topology Description: <TopologyDescription id: 69d73daa3edbe6a2c0d88046, topology_type: Unknown, servers: [<ServerDescription ('localhost', 27017) server_type: Unknown, rtt: None, error=AutoReconnect('localhost:27017: [WinError 10061] 由于目标计算机积极拒绝，无法连接。 (configured timeouts: socketTimeoutMS: 20000.0ms, connectTimeoutMS: 20000.0ms)')>]>
2026-04-09 13:48:35 | WARNING  | app.services.dish_feature_service:__init__:25 - Kafka连接失败，将跳过Kafka消息发送: NoBrokersAvailable
2026-04-09 13:48:37 | WARNING  | app.services.user_behavior_service:__init__:23 - Kafka连接失败，将跳过Kafka消息发送: NoBrokersAvailable
2026-04-09 13:48:37 | INFO     | app.services.data_cleaning_service:clean_user_behavior_data:39 - Cleaned 2 user behavior records
2026-04-09 13:48:39 | INFO     | app.services.data_cleaning_service:clean_dish_feature_data:74 - Cleaned 1 dish feature records
2026-04-09 13:48:39 | WARNING  | app.services.data_quality_service:_update_quality_metrics_in_redis:249 - Failed to update Redis quality metrics: 'NoneType' object has no attribute 'hset'
2026-04-09 13:48:39 | INFO     | app.services.data_quality_service:calculate_data_quality_metrics:60 - Calculated data quality metrics for user_behavior: {'data_type': 'user_behavior', 'record_count': 3, 'timestamp': '2026-04-09T05:48:39.373916', 'completeness': 0.6666666666666666, 'accuracy': 1.0, 'consistency': 1.0, 'timeliness': 1.0, 'duplicate_count': 0, 'error_count': 1, 'field_statistics': {'user_id': {'non_null_count': 3, 'null_count': 0, 'unique_count': 3, 'non_empty_count': 2}, 'behavior_type': {'non_null_count': 3, 'null_count': 0, 'unique_count': 3, 'non_empty_count': 3}, 'dish_id': {'non_null_count': 3, 'null_count': 0, 'unique_count': 3, 'non_empty_count': 3}, 'timestamp': {'non_null_count': 3, 'null_count': 0, 'unique_count': 1}, 'age_hours': {'non_null_count': 3, 'null_count': 0, 'unique_count': 1, 'mean': 0.0, 'min': 0.0, 'max': 0.0, 'std': 0.0}, 'timeliness_score': {'non_null_count': 3, 'null_count': 0, 'unique_count': 1, 'mean': 1.0, 'min': 1.0, 'max': 1.0, 'std': 0.0}}}
2026-04-09 13:48:39 | WARNING  | app.services.data_quality_service:_update_quality_metrics_in_redis:249 - Failed to update Redis quality metrics: 'NoneType' object has no attribute 'hset'
2026-04-09 13:48:39 | INFO     | app.services.data_quality_service:calculate_data_quality_metrics:60 - Calculated data quality metrics for dish_feature: {'data_type': 'dish_feature', 'record_count': 3, 'timestamp': '2026-04-09T05:48:39.391422', 'completeness': 0.6666666666666666, 'accuracy': 0.4444444444444444, 'consistency': 0.6666666666666666, 'timeliness': 1.0, 'duplicate_count': 0, 'error_count': 2, 'field_statistics': {'dish_id': {'non_null_count': 3, 'null_count': 0, 'unique_count': 3, 'non_empty_count': 3}, 'merchant_id': {'non_null_count': 3, 'null_count': 0, 'unique_count': 3, 'non_empty_count': 3}, 'name': {'non_null_count': 3, 'null_count': 0, 'unique_count': 3, 'non_empty_count': 3}, 'price': {'non_null_count': 3, 'null_count': 0, 'unique_count': 3, 'mean': 28.833333333333332, 'min': -10.0, 'max': 68.0, 'std': 39.00106836143509}, 'category': {'non_null_count': 3, 'null_count': 0, 'unique_count': 2, 'non_empty_count': 2}, 'sales_volume': {'non_null_count': 1, 'null_count': 2, 'unique_count': 1, 'mean': 100.0, 'min': 100.0, 'max': 100.0, 'std': nan}, 'rating': {'non_null_count': 2, 'null_count': 1, 'unique_count': 2, 'mean': 5.25, 'min': 4.5, 'max': 6.0, 'std': 1.0606601717798212}}}
2026-04-09 13:48:41 | WARNING  | app.services.dish_feature_service:__init__:25 - Kafka连接失败，将跳过Kafka消息发送: NoBrokersAvailable
2026-04-09 13:48:41 | INFO     | app.services.dish_feature_service:create_dish_feature:102 - Created dish feature: 1f99fb21-cfef-4402-aab7-7807b2363be0
2026-04-09 13:48:43 | WARNING  | app.services.dish_feature_service:__init__:25 - Kafka连接失败，将跳过Kafka消息发送: NoBrokersAvailable
2026-04-09 13:48:43 | INFO     | app.services.dish_feature_service:create_dish_feature:102 - Created dish feature: 628b6fd8-add7-4c01-9897-45432bb62703
2026-04-09 13:48:43 | INFO     | app.services.dish_feature_service:create_dish_feature:102 - Created dish feature: f849564f-b947-4ece-a37d-eef2f647e030
2026-04-09 13:48:45 | WARNING  | app.services.dish_feature_service:__init__:25 - Kafka连接失败，将跳过Kafka消息发送: NoBrokersAvailable
2026-04-09 13:48:45 | INFO     | app.services.dish_feature_service:create_dish_feature:102 - Created dish feature: c8bd3d3f-cacb-40f1-a919-b9302aa2e276
2026-04-09 13:48:45 | WARNING  | app.services.dish_feature_service:get_dish_feature:159 - MongoDB not available, cannot get dish feature
2026-04-09 13:48:45 | ERROR    | app.services.dish_feature_service:get_dish_feature:168 - Failed to get dish feature: MongoDB not available: test_dish_789
2026-04-09 13:48:47 | WARNING  | app.services.dish_feature_service:__init__:25 - Kafka连接失败，将跳过Kafka消息发送: NoBrokersAvailable
2026-04-09 13:49:30 | WARNING  | app.services.user_behavior_service:__init__:23 - Kafka连接失败，将跳过Kafka消息发送: NoBrokersAvailable
2026-04-09 13:49:30 | INFO     | app.services.user_behavior_service:collect_behavior:54 - Collected user behavior: 8f9c9acf-b0a9-408c-87b4-cccb5f3c82c1
2026-04-09 13:49:32 | WARNING  | app.services.user_behavior_service:__init__:23 - Kafka连接失败，将跳过Kafka消息发送: NoBrokersAvailable
2026-04-09 13:49:32 | INFO     | app.services.user_behavior_service:collect_behavior:54 - Collected user behavior: 6f430e30-1e9f-4b33-a1f0-724ed15c8579
2026-04-09 13:49:32 | INFO     | app.services.user_behavior_service:collect_behavior:54 - Collected user behavior: 1fdcea05-d74e-49d7-99c3-d56761989037
2026-04-09 13:49:34 | WARNING  | app.services.user_behavior_service:__init__:23 - Kafka连接失败，将跳过Kafka消息发送: NoBrokersAvailable
2026-04-09 13:49:34 | INFO     | app.services.user_behavior_service:collect_behavior:54 - Collected user behavior: 7d8612c9-9bb0-40b5-ae14-3584f4e92ff4
2026-04-09 13:49:34 | WARNING  | app.services.user_behavior_service:get_user_behaviors:99 - MongoDB not available, returning empty behavior list
2026-04-09 13:49:55 | WARNING  | app.core.database:<module>:22 - Redis connection failed: Error 10061 connecting to localhost:6379. 由于目标计算机积极拒绝，无法连接。.
2026-04-09 13:50:00 | WARNING  | app.core.database:<module>:33 - MongoDB connection failed: localhost:27017: [WinError 10061] 由于目标计算机积极拒绝，无法连接。 (configured timeouts: socketTimeoutMS: 20000.0ms, connectTimeoutMS: 20000.0ms), Timeout: 5.0s, Topology Description: <TopologyDescription id: 69d73e03c9e9d0239c2166d2, topology_type: Unknown, servers: [<ServerDescription ('localhost', 27017) server_type: Unknown, rtt: None, error=AutoReconnect('localhost:27017: [WinError 10061] 由于目标计算机积极拒绝，无法连接。 (configured timeouts: socketTimeoutMS: 20000.0ms, connectTimeoutMS: 20000.0ms)')>]>
2026-04-09 13:50:02 | WARNING  | app.services.user_behavior_service:__init__:23 - Kafka连接失败，将跳过Kafka消息发送: NoBrokersAvailable
2026-04-09 13:50:05 | WARNING  | app.services.dish_feature_service:__init__:25 - Kafka连接失败，将跳过Kafka消息发送: NoBrokersAvailable
2026-04-09 14:01:19 | INFO     | app.services.user_behavior_service:collect_behavior:54 - Collected user behavior: 5d3bbdf0-ab3d-4f66-ad3c-fdbca796315a
